------------------------------------------------------------
Timing Analyzer Summary
------------------------------------------------------------

Type  : Slow 1100mV 85C Model Setup 'clk'
Slack : -0.197
TNS   : -0.665

Type  : Slow 1100mV 85C Model Hold 'clk'
Slack : 0.324
TNS   : 0.000

Type  : Slow 1100mV 85C Model Minimum Pulse Width 'clk'
Slack : -0.394
TNS   : -4.907

Type  : Slow 1100mV 0C Model Setup 'clk'
Slack : -0.230
TNS   : -0.865

Type  : Slow 1100mV 0C Model Hold 'clk'
Slack : 0.303
TNS   : 0.000

Type  : Slow 1100mV 0C Model Minimum Pulse Width 'clk'
Slack : -0.394
TNS   : -4.519

Type  : Fast 1100mV 85C Model Setup 'clk'
Slack : 0.312
TNS   : 0.000

Type  : Fast 1100mV 85C Model Hold 'clk'
Slack : 0.184
TNS   : 0.000

Type  : Fast 1100mV 85C Model Minimum Pulse Width 'clk'
Slack : -0.341
TNS   : -2.574

Type  : Fast 1100mV 0C Model Setup 'clk'
Slack : 0.336
TNS   : 0.000

Type  : Fast 1100mV 0C Model Hold 'clk'
Slack : 0.172
TNS   : 0.000

Type  : Fast 1100mV 0C Model Minimum Pulse Width 'clk'
Slack : -0.321
TNS   : -2.413

------------------------------------------------------------
